eeschema (2010-08-11 BZR 2448)-unstable  >> Creation date: Fri 17 Dec 2010 17:38:53 CST

#Cmp ( order = Reference )
| C1         33pF        ; 0402        
| C3         33pF        ; 0402        
| C10        100nF       ; 0402        
| C12        10uF        ; 0603        
| C13        100nF       ; 0402        
| C14        2.2uF       ; 0402        
| C15        100nF       ; 0402        
| C16        470pF       ; 0402        
| C17        10uF        ; 0603        
| C18        100nF       ; 0402        
| C19        3.3uF       ; 0603        
| C20        100nF       ; 0402        
| C21        100nF       ; 0402        
| C22        100nF       ; 0402        
| C23        100nF       ; 0402        
| C24        100nF       ; 0402        
| C25        100nF       ; 0402        
| C26        100nF       ; 0402        
| C27        4.7uF       ; 0603        
| C28        100nF       ; 0402        
| C29        4.7uF       ; 0603        
| C30        100nF       ; 0402        
| C31        4.7nF/250V  ; SM1206      
| C32        100nF       ; 0402        
| C33        100nF       ; 0402        
| C35        100nF       ; 0402        
| D2         LED         ; 0603        
| D3         LED         ; 0603        
| D4         LED         ; 0603        
| FB1        FILTER      ; 0402        
| FB2        FILTER      ; 0402        
| FB3        FILTER      ; 0402        
| J1         USB_MINIB   ; USB_MINIB   
| P1         UART        ; SIP-2.54-4  
| P2         JTAG        ; IDC-2.0-14-SMD
| R1         10k         ; 0402        
| R2         2k2         ; 0402        
| R6         1k          ; 0402        
| R7         220         ; 0402        
| R9         220         ; 0402        
| R12        10k         ; 0402        
| R13        10k         ; 0402        
| R14        12k         ; 0402        
| R15        220         ; 0402        
| R16        1M          ; 1206        
| R17        10k         ; 0402        
| U1         93C46       ; SOIC-8      
| U4         MIC5207-3.3 ; SOT23-5     
| U5         FT2232HQ    ; QFN_64      
| U6         NUP2201     ; TSOP-6      
| U7         NUP2201     ; TSOP-6      
| U9         SN74LVC1G17 ; SOT23-5     
| U10        SN74LVC1G17 ; SOT23-5     
| U11        SN74LVC1G17 ; SOT23-5     
| X1         12MHz       ; CRYSTAL_SMD_3.20X2.50MM; 18pF        
#End Cmp

#Cmp ( order = Value )
| 100nF        C10       ; 0402        
| 100nF        C13       ; 0402        
| 100nF        C15       ; 0402        
| 100nF        C18       ; 0402        
| 100nF        C20       ; 0402        
| 100nF        C21       ; 0402        
| 100nF        C22       ; 0402        
| 100nF        C23       ; 0402        
| 100nF        C24       ; 0402        
| 100nF        C25       ; 0402        
| 100nF        C26       ; 0402        
| 100nF        C28       ; 0402        
| 100nF        C30       ; 0402        
| 100nF        C32       ; 0402        
| 100nF        C33       ; 0402        
| 100nF        C35       ; 0402        
| 10k          R1        ; 0402        
| 10k          R12       ; 0402        
| 10k          R13       ; 0402        
| 10k          R17       ; 0402        
| 10uF         C12       ; 0603        
| 10uF         C17       ; 0603        
| 12k          R14       ; 0402        
| 12MHz        X1        ; CRYSTAL_SMD_3.20X2.50MM; 18pF        
| 1k           R6        ; 0402        
| 1M           R16       ; 1206        
| 2.2uF        C14       ; 0402        
| 220          R7        ; 0402        
| 220          R9        ; 0402        
| 220          R15       ; 0402        
| 2k2          R2        ; 0402        
| 3.3uF        C19       ; 0603        
| 33pF         C1        ; 0402        
| 33pF         C3        ; 0402        
| 4.7nF/250V   C31       ; SM1206      
| 4.7uF        C27       ; 0603        
| 4.7uF        C29       ; 0603        
| 470pF        C16       ; 0402        
| 93C46        U1        ; SOIC-8      
| FILTER       FB1       ; 0402        
| FILTER       FB2       ; 0402        
| FILTER       FB3       ; 0402        
| FT2232HQ     U5        ; QFN_64      
| JTAG         P2        ; IDC-2.0-14-SMD
| LED          D2        ; 0603        
| LED          D3        ; 0603        
| LED          D4        ; 0603        
| MIC5207-3.3  U4        ; SOT23-5     
| NUP2201      U6        ; TSOP-6      
| NUP2201      U7        ; TSOP-6      
| SN74LVC1G17  U9        ; SOT23-5     
| SN74LVC1G17  U10       ; SOT23-5     
| SN74LVC1G17  U11       ; SOT23-5     
| UART         P1        ; SIP-2.54-4  
| USB_MINIB    J1        ; USB_MINIB   
#End Cmp

#End List
